lit_231 文明小史缺 50回